warning: inefficient Bytes concatenation inside a loop
  --> $DIR/soroban_inefficient_bytes_concat.rs:58:9
   |
LL |         b.push_back(1); //~ WARNING inefficient Bytes concatenation inside a loop
   |         ^^^^^^^^^^^^^^
   |
   = help: accumulate bytes in a Vec<u8> inside the loop and convert to Bytes once outside the loop via Bytes::from_slice
note: the lint level is defined here
  --> $DIR/soroban_inefficient_bytes_concat.rs:22:9
   |
LL | #![warn(soroban_inefficient_bytes_concat)]
   |         ^^^^^^^^^^^^^^^^^^^^^^^^^^^^^^^^

warning: repeatedly growing SDK container inside a loop
  --> $DIR/soroban_inefficient_bytes_concat.rs:58:9
   |
LL |         b.push_back(1); //~ WARNING inefficient Bytes concatenation inside a loop
   |         ^^^^^^^^^^^^^^
   |
   = help: accumulate values in native Rust collections first, then batch host operations or convert to SDK containers once after the loop; pre-size where practical
   = note: `#[warn(bytes_append_in_loop)]` on by default

warning: repeatedly growing SDK container inside a loop
  --> $DIR/soroban_inefficient_bytes_concat.rs:65:9
   |
LL |         b.push_back(1);
   |         ^^^^^^^^^^^^^^
   |
   = help: accumulate values in native Rust collections first, then batch host operations or convert to SDK containers once after the loop; pre-size where practical

warning: 3 warnings emitted

